[backblue.gif]
[fade.gif]
[index.html]
[preapproval.addi.com/fonts/Mallory-Regular.woff]
[preapproval.addi.com/fonts/Mallory-Bold.woff]
[preapproval.addi.com/index.html]
[www.googletagmanager.com/gtm5445.html]
[preapproval.addi.com/_next/static/chunks/main-c325723d26a50f8bacf2.js]
[preapproval.addi.com/_next/static/chunks/webpack-eb080e3f091731f228fb.js]
[preapproval.addi.com/_next/static/chunks/framework.965053d24d43ff28a1bc.js]
[preapproval.addi.com/_next/static/chunks/184aeaac.e1e861ffae38eb2bf653.js]
[preapproval.addi.com/_next/static/chunks/d997595d.a65eea216822298e2ddb.js]
[preapproval.addi.com/_next/static/chunks/55e59f9b.a69714df55a049651244.js]
[preapproval.addi.com/_next/static/chunks/d8a2a414.61b076beed53bfe0d5cb.js]
[preapproval.addi.com/_next/static/chunks/ab92754c.a5abf821451700666c87.js]
[preapproval.addi.com/_next/static/chunks/commons.254edda53709cd086d21.js]
[statics.addi.com/ui-storybook/default-store-logo.png]
[preapproval.addi.com/_next/static/chunks/c60aeee674eddc0d070fdf20f5c19726c5c30bee.c055909c95b533ea86ed.js]
[preapproval.addi.com/_next/static/chunks/2149d60425f0d8f8d68536824559fc6ed4a26535.ca15ec4308256e06a09c.js]
[preapproval.addi.com/_next/static/chunks/71247caf95475e3ea7f9a0f8a30beb258b23d005.0f5cfa7c66174a8e8cb9.js]
[preapproval.addi.com/_next/static/chunks/pages/_app-4f755811bb3ca0cfbc0e.js]
[preapproval.addi.com/_next/static/chunks/pages/index-a50b8cad40a130cc567a.js]
[preapproval.addi.com/addi.svg]
[preapproval.addi.com/loader.svg]
[preapproval.addi.com/_next/static/chunks/polyfills-1ec99ebc250244c47794.js]
[preapproval.addi.com/_next/static/kcd-qioLjybmQcHDD-nE8/_buildManifest.js]
[preapproval.addi.com/_next/static/kcd-qioLjybmQcHDD-nE8/_ssgManifest.js]
[preapproval.addi.com/cdn-cgi/challenge-platform/h/g/scripts/jsd/330e41bb475c/maind41d.js]
[preapproval.addi.com/_next/index.html]
[preapproval.addi.com/wXr/index.html]
[preapproval.addi.com/$&/index.html]
[preapproval.addi.com/; path=/index.html]
[preapproval.addi.com/e.html]
[preapproval.addi.com/(0,n.getLocationOrigin.html]
[preapproval.addi.com/e,r.html]
[preapproval.addi.com/t,a.html]
[preapproval.addi.com/t,e.html]
[preapproval.addi.com/o,n.html]
[preapproval.addi.com/t,window.location.href.html]
[preapproval.addi.com/index/index.html]
[preapproval.addi.com/Trident/index.html]
[preapproval.addi.com/a28/index.html]
[preapproval.addi.com/Qd5/index.html]
[preapproval.addi.com/public/static/locales/index.html]
[preapproval.addi.com/public/index.html]
[preapproval.addi.com/t,u.html]
[preapproval.addi.com/e,c.html]
[preapproval.addi.com/static/index.html]
[preapproval.addi.com/locales/{{lng}}/{{ns}}.json.html]
[preapproval.addi.com/i.html]
[challenges.cloudflare.com/turnstile/v0/g/330e41bb475c/api.js]
[preapproval.addi.com/integrations/allies/index.html]
[preapproval.addi.com/Edg/index.html]
[preapproval.addi.com/Z[Pz(un.P0.html]
[preapproval.addi.com/_next.html]
[preapproval.addi.com/wXr.html]
[preapproval.addi.com/$&.html]
[preapproval.addi.com/; path=.html]
[preapproval.addi.com/index-2.html]
[preapproval.addi.com/Trident.html]
[preapproval.addi.com/a28.html]
[preapproval.addi.com/Qd5.html]
[preapproval.addi.com/public/static/locales.html]
[preapproval.addi.com/public.html]
[preapproval.addi.com/static.html]
[preapproval.addi.com/_next/static/chunks/pages/t,window.location.href.html]
[preapproval.addi.com/_next/static/chunks/pages/e,window.location.href.html]
[preapproval.addi.com/_next/static/chunks/pages/t.html]
[preapproval.addi.com/cdn-cgi/challenge-platform/index.html]
[preapproval.addi.com/_next/static/chunks/pages/fr/index.html]
[preapproval.addi.com/_next/static/chunks/pages/n.html]
[preapproval.addi.com/_next/static/chunks/pages/N-2.html]
[preapproval.addi.com/_next/static/chunks/pages/c/index.html]
[preapproval.addi.com/integrations/allies.html]
[preapproval.addi.com/Edg.html]
[preapproval.addi.com/_next/static/chunks/pages/fr.html]
[preapproval.addi.com/_next/static/chunks/pages/c.html]
